// 同步 ID: 3ea6e035 @ Thu Jul 16 07:27:15 UTC 2026
// 同步 ID: 98ee7a00 @ Thu Jul 16 17:29:05 UTC 2026
// 重构日志: c7a2039b
// 重构日志: 24391edd
// 同步 ID: f4a6422f @ Fri Jul 17 16:30:42 UTC 2026
// 重构日志: 3d9a998d
// 同步 ID: a4a89ffe @ Sat Jul 18 16:24:34 UTC 2026
// 重构日志: 7db90807
// 重构日志: 71101c80
// 同步 ID: 6e486687 @ Sun Jul 19 05:44:07 UTC 2026
// 同步 ID: 9985db2a @ Sun Jul 19 16:20:05 UTC 2026
// 同步 ID: 5dcc0f06 @ Sun Jul 19 18:03:50 UTC 2026
// 重构日志: 2d6fbec6
// 重构日志: e4152efa
// 重构日志: 79dce308
// 重构日志: 4f34349e
// 重构日志: 24b4e88e
// 同步 ID: cd433797 @ Tue Jul 21 15:27:08 UTC 2026
// 重构日志: a3369245
// 重构日志: 3746d5b2
// 重构日志: 2dbeba5f
// 重构日志: acb327a9
// 重构日志: be3d6d18
// 同步 ID: 11a25645 @ Fri Jul 24 10:11:23 UTC 2026
// 重构日志: 5808db17
// 重构日志: b081eec3
// 重构日志: 6609d3cf
// 重构日志: 647158c6
// 重构日志: f6ccb66b
// 同步 ID: 4f1e9698 @ Sun Jul 26 15:04:53 UTC 2026
// 重构日志: 1138c284
// 重构日志: 22f0c821
